[    0.000000] Initializing cgroup subsys cpuset
[    0.000000] Initializing cgroup subsys cpu
[    0.000000] Initializing cgroup subsys cpuacct
[    0.000000] Linux version 4.4.0-189-generic (buildd@lgw01-amd64-047) (gcc version 5.4.0 20160609 (Ubuntu 5.4.0-6ubuntu1~16.04.12) ) #219-Ubuntu SMP Tue Aug 11 12:26:50 UTC 2020 (Ubuntu 4.4.0-189.219-generic 4.4.232)
[    0.000000] Command line: BOOT_IMAGE=/boot/vmlinuz-4.4.0-189-generic root=LABEL=cloudimg-rootfs ro console=tty1 console=ttyS0
[    0.000000] KERNEL supported cpus:
[    0.000000]   Intel GenuineIntel
[    0.000000]   AMD AuthenticAMD
[    0.000000]   Centaur CentaurHauls
[    0.000000] x86/fpu: xstate_offset[2]:  576, xstate_sizes[2]:  256
[    0.000000] x86/fpu: Supporting XSAVE feature 0x01: 'x87 floating point registers'
[    0.000000] x86/fpu: Supporting XSAVE feature 0x02: 'SSE registers'
[    0.000000] x86/fpu: Supporting XSAVE feature 0x04: 'AVX registers'
[    0.000000] x86/fpu: Enabled xstate features 0x7, context size is 832 bytes, using 'standard' format.
[    0.000000] e820: BIOS-provided physical RAM map:
[    0.000000] BIOS-e820: [mem 0x0000000000000000-0x000000000009fbff] usable
[    0.000000] BIOS-e820: [mem 0x000000000009fc00-0x000000000009ffff] reserved
[    0.000000] BIOS-e820: [mem 0x00000000000f0000-0x00000000000fffff] reserved
[    0.000000] BIOS-e820: [mem 0x0000000000100000-0x000000003ffeffff] usable
[    0.000000] BIOS-e820: [mem 0x000000003fff0000-0x000000003fffffff] ACPI data
[    0.000000] BIOS-e820: [mem 0x00000000fec00000-0x00000000fec00fff] reserved
[    0.000000] BIOS-e820: [mem 0x00000000fee00000-0x00000000fee00fff] reserved
[    0.000000] BIOS-e820: [mem 0x00000000fffc0000-0x00000000ffffffff] reserved
[    0.000000] NX (Execute Disable) protection: active
[    0.000000] SMBIOS 2.5 present.
[    0.000000] Hypervisor detected: KVM
[    0.000000] e820: last_pfn = 0x3fff0 max_arch_pfn = 0x400000000
[    0.000000] MTRR: Disabled
[    0.000000] x86/PAT: MTRRs disabled, skipping PAT initialization too.
[    0.000000] CPU MTRRs all blank - virtualized system.
[    0.000000] x86/PAT: Configuration [0-7]: WB  WT  UC- UC  WB  WT  UC- UC  
[    0.000000] found SMP MP-table at [mem 0x0009fff0-0x0009ffff] mapped at [ffff88000009fff0]
[    0.000000] Scanning 1 areas for low memory corruption
[    0.000000] RAMDISK: [mem 0x362de000-0x37166fff]
[    0.000000] ACPI: Early table checksum verification disabled
[    0.000000] ACPI: RSDP 0x00000000000E0000 000024 (v02 VBOX  )
[    0.000000] ACPI: XSDT 0x000000003FFF0030 00003C (v01 VBOX   VBOXXSDT 00000001 ASL  00000061)
[    0.000000] ACPI: FACP 0x000000003FFF00F0 0000F4 (v04 VBOX   VBOXFACP 00000001 ASL  00000061)
[    0.000000] ACPI: DSDT 0x000000003FFF0470 002325 (v02 VBOX   VBOXBIOS 00000002 INTL 20100528)
[    0.000000] ACPI: FACS 0x000000003FFF0200 000040
[    0.000000] ACPI: FACS 0x000000003FFF0200 000040
[    0.000000] ACPI: APIC 0x000000003FFF0240 00005C (v02 VBOX   VBOXAPIC 00000001 ASL  00000061)
[    0.000000] ACPI: SSDT 0x000000003FFF02A0 0001CC (v01 VBOX   VBOXCPUT 00000002 INTL 20100528)
[    0.000000] No NUMA configuration found
[    0.000000] Faking a node at [mem 0x0000000000000000-0x000000003ffeffff]
[    0.000000] NODE_DATA(0) allocated [mem 0x3ffeb000-0x3ffeffff]
[    0.000000] kvm-clock: Using msrs 4b564d01 and 4b564d00
[    0.000000] kvm-clock: cpu 0, msr 0:3ffe3001, primary cpu clock
[    0.000000] kvm-clock: using sched offset of 3823126085 cycles
[    0.000000] clocksource: kvm-clock: mask: 0xffffffffffffffff max_cycles: 0x1cd42e4dffb, max_idle_ns: 881590591483 ns
[    0.000000] Zone ranges:
[    0.000000]   DMA      [mem 0x0000000000001000-0x0000000000ffffff]
[    0.000000]   DMA32    [mem 0x0000000001000000-0x000000003ffeffff]
[    0.000000]   Normal   empty
[    0.000000]   Device   empty
[    0.000000] Movable zone start for each node
[    0.000000] Early memory node ranges
[    0.000000]   node   0: [mem 0x0000000000001000-0x000000000009efff]
[    0.000000]   node   0: [mem 0x0000000000100000-0x000000003ffeffff]
[    0.000000] Initmem setup node 0 [mem 0x0000000000001000-0x000000003ffeffff]
[    0.000000] ACPI: PM-Timer IO Port: 0x4008
[    0.000000] IOAPIC[0]: apic_id 2, version 32, address 0xfec00000, GSI 0-23
[    0.000000] ACPI: INT_SRC_OVR (bus 0 bus_irq 0 global_irq 2 dfl dfl)
[    0.000000] ACPI: INT_SRC_OVR (bus 0 bus_irq 9 global_irq 9 low level)
[    0.000000] Using ACPI (MADT) for SMP configuration information
[    0.000000] smpboot: Allowing 2 CPUs, 0 hotplug CPUs
[    0.000000] PM: Registered nosave memory: [mem 0x00000000-0x00000fff]
[    0.000000] PM: Registered nosave memory: [mem 0x0009f000-0x0009ffff]
[    0.000000] PM: Registered nosave memory: [mem 0x000a0000-0x000effff]
[    0.000000] PM: Registered nosave memory: [mem 0x000f0000-0x000fffff]
[    0.000000] e820: [mem 0x40000000-0xfebfffff] available for PCI devices
[    0.000000] Booting paravirtualized kernel on KVM
[    0.000000] clocksource: refined-jiffies: mask: 0xffffffff max_cycles: 0xffffffff, max_idle_ns: 7645519600211568 ns
[    0.000000] setup_percpu: NR_CPUS:512 nr_cpumask_bits:512 nr_cpu_ids:2 nr_node_ids:1
[    0.000000] PERCPU: Embedded 33 pages/cpu @ffff88003fc00000 s95512 r8192 d31464 u1048576
[    0.000000] Built 1 zonelists in Node order, mobility grouping on.  Total pages: 257912
[    0.000000] Policy zone: DMA32
[    0.000000] Kernel command line: BOOT_IMAGE=/boot/vmlinuz-4.4.0-189-generic root=LABEL=cloudimg-rootfs ro console=tty1 console=ttyS0
[    0.000000] PID hash table entries: 4096 (order: 3, 32768 bytes)
[    0.000000] Memory: 997660K/1048120K available (8636K kernel code, 1337K rwdata, 4040K rodata, 1492K init, 1296K bss, 50460K reserved, 0K cma-reserved)
[    0.000000] SLUB: HWalign=64, Order=0-3, MinObjects=0, CPUs=2, Nodes=1
[    0.000000] Kernel/User page tables isolation: enabled
[    0.000000] Hierarchical RCU implementation.
[    0.000000] 	Build-time adjustment of leaf fanout to 64.
[    0.000000] 	RCU restricting CPUs from NR_CPUS=512 to nr_cpu_ids=2.
[    0.000000] RCU: Adjusting geometry for rcu_fanout_leaf=64, nr_cpu_ids=2
[    0.000000] NR_IRQS:33024 nr_irqs:440 16
[    0.000000] Console: colour VGA+ 80x25
[    0.000000] console [tty1] enabled
[    0.000000] console [ttyS0] enabled
[    0.000000] tsc: Detected 1996.799 MHz processor
[    0.145320] Calibrating delay loop (skipped) preset value.. 3993.59 BogoMIPS (lpj=7987196)
[    0.147098] pid_max: default: 32768 minimum: 301
[    0.148212] ACPI: Core revision 20150930
[    0.149874] ACPI: 2 ACPI AML tables successfully acquired and loaded
[    0.151260] Security Framework initialized
[    0.152169] Yama: becoming mindful.
[    0.153026] AppArmor: AppArmor initialized
[    0.154164] Dentry cache hash table entries: 131072 (order: 8, 1048576 bytes)
[    0.157243] Inode-cache hash table entries: 65536 (order: 7, 524288 bytes)
[    0.158689] Mount-cache hash table entries: 2048 (order: 2, 16384 bytes)
[    0.159983] Mountpoint-cache hash table entries: 2048 (order: 2, 16384 bytes)
[    0.161478] Initializing cgroup subsys io
[    0.162370] Initializing cgroup subsys memory
[    0.163311] Initializing cgroup subsys devices
[    0.164290] Initializing cgroup subsys freezer
[    0.165231] Initializing cgroup subsys net_cls
[    0.166298] Initializing cgroup subsys perf_event
[    0.167306] Initializing cgroup subsys net_prio
[    0.168257] Initializing cgroup subsys hugetlb
[    0.169252] Initializing cgroup subsys pids
[    0.174105] mce: CPU supports 0 MCE banks
[    0.175046] Last level iTLB entries: 4KB 0, 2MB 0, 4MB 0
[    0.176205] Last level dTLB entries: 4KB 0, 2MB 0, 4MB 0, 1GB 0
[    0.177440] Spectre V1 : Mitigation: usercopy/swapgs barriers and __user pointer sanitization
[    0.179180] Spectre V2 : Mitigation: Full generic retpoline
[    0.180284] Spectre V2 : Spectre v2 / SpectreRSB mitigation: Filling RSB on context switch
[    0.182045] Speculative Store Bypass: Vulnerable
[    0.183435] MDS: Mitigation: Clear CPU buffers
[    0.186987] Freeing SMP alternatives memory: 36K
[    0.193968] ftrace: allocating 32336 entries in 127 pages
[    0.261192] smpboot: APIC(0) Converting physical 0 to logical package 0
[    0.263197] smpboot: Max logical packages: 1
[    0.264474] x2apic enabled
[    0.265356] Switched APIC routing to physical x2apic.
[    0.267633] ..TIMER: vector=0x30 apic1=0 pin1=2 apic2=-1 pin2=-1
[    0.376980] smpboot: CPU0: Intel(R) Core(TM) i5-1038NG7 CPU @ 2.00GHz (family: 0x6, model: 0x7e, stepping: 0x5)
[    0.380918] Performance Events: unsupported p6 CPU model 126 no PMU driver, software events only.
[    0.394987] KVM setup paravirtual spinlock
[    0.397283] x86: Booting SMP configuration:
[    0.398771] .... node  #0, CPUs:      #1
[    0.400077] kvm-clock: cpu 1, msr 0:3ffe3041, secondary cpu clock
[    0.404685] mce: CPU supports 0 MCE banks
[    0.407340] x86: Booted up 1 node, 2 CPUs
[    0.408520] smpboot: Total of 2 processors activated (7987.19 BogoMIPS)
[    0.410313] devtmpfs: initialized
[    0.412583] evm: security.selinux
[    0.413397] evm: security.SMACK64
[    0.414153] evm: security.SMACK64EXEC
[    0.415212] evm: security.SMACK64TRANSMUTE
[    0.416355] evm: security.SMACK64MMAP
[    0.417448] evm: security.ima
[    0.418150] evm: security.capability
[    0.419441] clocksource: jiffies: mask: 0xffffffff max_cycles: 0xffffffff, max_idle_ns: 7645041785100000 ns
[    0.422852] futex hash table entries: 512 (order: 3, 32768 bytes)
[    0.424647] pinctrl core: initialized pinctrl subsystem
[    0.426612] RTC time:  4:36:35, date: 09/15/20
[    0.427823] NET: Registered protocol family 16
[    0.437623] cpuidle: using governor ladder
[    0.450357] cpuidle: using governor menu
[    0.452069] PCCT header not found.
[    0.454072] ACPI: bus type PCI registered
[    0.455523] acpiphp: ACPI Hot Plug PCI Controller Driver version: 0.5
[    0.457755] PCI: Using configuration type 1 for base access
[    0.474477] ACPI: Added _OSI(Module Device)
[    0.476128] ACPI: Added _OSI(Processor Device)
[    0.477879] ACPI: Added _OSI(3.0 _SCP Extensions)
[    0.480570] ACPI: Added _OSI(Processor Aggregator Device)
[    0.483334] ACPI: Executed 1 blocks of module-level executable AML code
[    0.487362] ACPI: Interpreter enabled
[    0.488218] ACPI: (supports S0 S5)
[    0.488992] ACPI: Using IOAPIC for interrupt routing
[    0.490161] PCI: Using host bridge windows from ACPI; if necessary, use "pci=nocrs" and report a bug
[    0.496605] ACPI: PCI Root Bridge [PCI0] (domain 0000 [bus 00-ff])
[    0.498437] acpi PNP0A03:00: _OSC: OS supports [ASPM ClockPM Segments MSI]
[    0.500658] acpi PNP0A03:00: _OSC: not requesting OS control; OS requires [ExtendedConfig ASPM ClockPM MSI]
[    0.502717] acpi PNP0A03:00: fail to add MMCONFIG information, can't access extended PCI configuration space under this bridge.
[    0.505734] PCI host bridge to bus 0000:00
[    0.506627] pci_bus 0000:00: root bus resource [io  0x0000-0x0cf7 window]
[    0.508014] pci_bus 0000:00: root bus resource [io  0x0d00-0xffff window]
[    0.509375] pci_bus 0000:00: root bus resource [mem 0x000a0000-0x000bffff window]
[    0.510984] pci_bus 0000:00: root bus resource [mem 0x40000000-0xfdffffff window]
[    0.512637] pci_bus 0000:00: root bus resource [bus 00-ff]
[    0.516040] pci 0000:00:01.1: legacy IDE quirk: reg 0x10: [io  0x01f0-0x01f7]
[    0.517452] pci 0000:00:01.1: legacy IDE quirk: reg 0x14: [io  0x03f6]
[    0.518757] pci 0000:00:01.1: legacy IDE quirk: reg 0x18: [io  0x0170-0x0177]
[    0.520521] pci 0000:00:01.1: legacy IDE quirk: reg 0x1c: [io  0x0376]
[    0.543547] pci 0000:00:07.0: quirk: [io  0x4000-0x403f] claimed by PIIX4 ACPI
[    0.545501] pci 0000:00:07.0: quirk: [io  0x4100-0x410f] claimed by PIIX4 SMB
[    0.554082] ACPI: PCI Interrupt Link [LNKA] (IRQs 5 9 10 *11)
[    0.556101] ACPI: PCI Interrupt Link [LNKB] (IRQs 5 9 *10 11)
[    0.558205] ACPI: PCI Interrupt Link [LNKC] (IRQs 5 *9 10 11)
[    0.559846] ACPI: PCI Interrupt Link [LNKD] (IRQs 5 9 10 *11)
[    0.561483] ACPI: Enabled 2 GPEs in block 00 to 07
[    0.562802] vgaarb: setting as boot device: PCI:0000:00:02.0
[    0.563953] vgaarb: device added: PCI:0000:00:02.0,decodes=io+mem,owns=io+mem,locks=none
[    0.565994] vgaarb: loaded
[    0.566780] vgaarb: bridge control possible 0000:00:02.0
[    0.568112] SCSI subsystem initialized
[    0.569088] ACPI: bus type USB registered
[    0.569995] usbcore: registered new interface driver usbfs
[    0.571367] usbcore: registered new interface driver hub
[    0.572582] usbcore: registered new device driver usb
[    0.573931] PCI: Using ACPI for IRQ routing
[    0.576438] NetLabel: Initializing
[    0.577277] NetLabel:  domain hash size = 128
[    0.578247] NetLabel:  protocols = UNLABELED CIPSOv4
[    0.579265] NetLabel:  unlabeled traffic allowed by default
[    0.580550] amd_nb: Cannot enumerate AMD northbridges
[    0.581784] clocksource: Switched to clocksource kvm-clock
[    0.590277] AppArmor: AppArmor Filesystem Enabled
[    0.591445] pnp: PnP ACPI init
[    0.593157] pnp: PnP ACPI: found 3 devices
[    0.602330] clocksource: acpi_pm: mask: 0xffffff max_cycles: 0xffffff, max_idle_ns: 2085701024 ns
[    0.604606] NET: Registered protocol family 2
[    0.605756] TCP established hash table entries: 8192 (order: 4, 65536 bytes)
[    0.607267] TCP bind hash table entries: 8192 (order: 5, 131072 bytes)
[    0.608709] TCP: Hash tables configured (established 8192 bind 8192)
[    0.609998] UDP hash table entries: 512 (order: 2, 16384 bytes)
[    0.611839] UDP-Lite hash table entries: 512 (order: 2, 16384 bytes)
[    0.613702] NET: Registered protocol family 1
[    0.614712] pci 0000:00:00.0: Limiting direct PCI/PCI transfers
[    0.616251] pci 0000:00:01.0: Activating ISA DMA hang workarounds
[    0.617834] Unpacking initramfs...
[    0.842919] Freeing initrd memory: 14884K
[    0.844394] clocksource: tsc: mask: 0xffffffffffffffff max_cycles: 0x3990bc5adef, max_idle_ns: 881590438240 ns
[    0.846541] platform rtc_cmos: registered platform RTC device (no PNP device found)
[    0.848215] Scanning for low memory corruption every 60 seconds
[    0.850504] audit: initializing netlink subsys (disabled)
[    0.851829] audit: type=2000 audit(1600144600.834:1): initialized
[    0.853537] Initialise system trusted keyring
[    0.854801] HugeTLB registered 2 MB page size, pre-allocated 0 pages
[    0.857046] zbud: loaded
[    0.858115] VFS: Disk quotas dquot_6.6.0
[    0.859233] VFS: Dquot-cache hash table entries: 512 (order 0, 4096 bytes)
[    0.860756] squashfs: version 4.0 (2009/01/31) Phillip Lougher
[    0.862275] fuse init (API version 7.23)
[    0.863269] Key type big_key registered
[    0.864155] Allocating IMA MOK and blacklist keyrings.
[    0.866724] Key type asymmetric registered
[    0.867676] Asymmetric key parser 'x509' registered
[    0.868750] Block layer SCSI generic (bsg) driver version 0.4 loaded (major 249)
[    0.870804] io scheduler noop registered
[    0.871705] io scheduler deadline registered (default)
[    0.872865] io scheduler cfq registered
[    0.873806] pci_hotplug: PCI Hot Plug PCI Core version: 0.5
[    0.875033] pciehp: PCI Express Hot Plug Controller Driver version: 0.4
[    0.876844] ACPI: AC Adapter [AC] (on-line)
[    0.877809] input: Power Button as /devices/LNXSYSTM:00/LNXPWRBN:00/input/input0
[    0.879448] ACPI: Power Button [PWRF]
[    0.880342] input: Sleep Button as /devices/LNXSYSTM:00/LNXSLPBN:00/input/input1
[    0.882065] ACPI: Sleep Button [SLPF]
[    0.884198] ACPI: Battery Slot [BAT0] (battery present)
[    0.885357] GHES: HEST is not enabled!
[    0.886830] Serial: 8250/16550 driver, 32 ports, IRQ sharing enabled
[    0.908759] 00:02: ttyS0 at I/O 0x3f8 (irq = 4, base_baud = 115200) is a 16550A
[    0.911364] Linux agpgart interface v0.103
[    0.913677] loop: module loaded
[    0.915001] scsi host0: ata_piix
[    0.915924] scsi host1: ata_piix
[    0.916850] ata1: PATA max UDMA/33 cmd 0x1f0 ctl 0x3f6 bmdma 0xd000 irq 14
[    0.918248] ata2: PATA max UDMA/33 cmd 0x170 ctl 0x376 bmdma 0xd008 irq 15
[    0.919972] libphy: Fixed MDIO Bus: probed
[    0.921030] tun: Universal TUN/TAP device driver, 1.6
[    0.922096] tun: (C) 1999-2004 Max Krasnyansky <maxk@qualcomm.com>
[    0.923419] PPP generic driver version 2.4.2
[    0.924414] ehci_hcd: USB 2.0 'Enhanced' Host Controller (EHCI) Driver
[    0.925727] ehci-pci: EHCI PCI platform driver
[    0.926747] ehci-platform: EHCI generic platform driver
[    0.927874] ohci_hcd: USB 1.1 'Open' Host Controller (OHCI) Driver
[    0.929317] ohci-pci: OHCI PCI platform driver
[    0.930353] ohci-platform: OHCI generic platform driver
[    0.932083] uhci_hcd: USB Universal Host Controller Interface driver
[    0.934011] i8042: PNP: PS/2 Controller [PNP0303:PS2K,PNP0f03:PS2M] at 0x60,0x64 irq 1,12
[    0.936328] serio: i8042 KBD port at 0x60,0x64 irq 1
[    0.937496] serio: i8042 AUX port at 0x60,0x64 irq 12
[    0.938746] mousedev: PS/2 mouse device common for all mice
[    0.940276] rtc_cmos rtc_cmos: rtc core: registered rtc_cmos as rtc0
[    0.941610] rtc_cmos rtc_cmos: alarms up to one day, 114 bytes nvram
[    0.942964] input: AT Translated Set 2 keyboard as /devices/platform/i8042/serio0/input/input2
[    0.944857] i2c /dev entries driver
[    0.945785] device-mapper: uevent: version 1.0.3
[    0.946900] device-mapper: ioctl: 4.34.0-ioctl (2015-10-28) initialised: dm-devel@redhat.com
[    0.948829] ledtrig-cpu: registered to indicate activity on CPUs
[    0.950524] NET: Registered protocol family 10
[    0.951722] NET: Registered protocol family 17
[    0.952708] Key type dns_resolver registered
[    0.954033] registered taskstats version 1
[    0.955032] Loading compiled-in X.509 certificates
[    0.956548] Loaded X.509 cert 'Build time autogenerated kernel key: 06f0812676e66a24038557b34a5a5205bffb6390'
[    0.958642] zswap: loaded using pool lzo/zbud
[    0.961306] Key type trusted registered
[    0.966242] Key type encrypted registered
[    0.967341] AppArmor: AppArmor sha1 policy hashing enabled
[    0.968549] ima: No TPM chip found, activating TPM-bypass!
[    0.969731] ima: Allocated hash algorithm: sha1
[    0.971267] evm: HMAC attrs: 0x1
[    0.972908]   Magic number: 4:149:616
[    0.973742]  clockevents: hash matches
[    0.974704] rtc_cmos rtc_cmos: setting system clock to 2020-09-15 04:36:35 UTC (1600144595)
[    0.976701] BIOS EDD facility v0.16 2004-Jun-25, 0 devices found
[    0.977888] EDD information not available.
[    1.193090] Freeing unused kernel memory: 1492K
[    1.194493] Write protecting the kernel read-only data: 14336k
[    1.196350] Freeing unused kernel memory: 1592K
[    1.197614] Freeing unused kernel memory: 56K
Loading, please wait...
starting version 229
[    1.210359] random: systemd-udevd: uninitialized urandom read (16 bytes read, 3 bits of entropy available)
[    1.211029] random: udevadm: uninitialized urandom read (16 bytes read, 3 bits of entropy available)
[    1.211056] random: udevadm: uninitialized urandom read (16 bytes read, 3 bits of entropy available)
[    1.217833] random: systemd-udevd: uninitialized urandom read (16 bytes read, 3 bits of entropy available)
[    1.219959] random: systemd-udevd: uninitialized urandom read (16 bytes read, 3 bits of entropy available)
[    1.220743] random: udevadm: uninitialized urandom read (16 bytes read, 3 bits of entropy available)
[    1.220790] random: udevadm: uninitialized urandom read (16 bytes read, 3 bits of entropy available)
[    1.220910] random: udevadm: uninitialized urandom read (16 bytes read, 3 bits of entropy available)
[    1.220953] random: udevadm: uninitialized urandom read (16 bytes read, 3 bits of entropy available)
[    1.220994] random: udevadm: uninitialized urandom read (16 bytes read, 3 bits of entropy available)
[    1.263225] e1000: Intel(R) PRO/1000 Network Driver - version 7.3.21-k8-NAPI
[    1.265044] e1000: Copyright (c) 1999-2006 Intel Corporation.
[    1.266661] Fusion MPT base driver 3.04.20
[    1.267737] Copyright (c) 1999-2008 LSI Corporation
[    1.273155] Fusion MPT SPI Host driver 3.04.20
[    1.292016] AVX2 version of gcm_enc/dec engaged.
[    1.293000] AES CTR mode by8 optimization enabled
[    1.476789] input: ImExPS/2 Generic Explorer Mouse as /devices/platform/i8042/serio1/input/input4
[    1.659046] e1000 0000:00:03.0 eth0: (PCI:33MHz:32-bit) 02:8f:67:5f:07:a5
[    1.661712] e1000 0000:00:03.0 eth0: Intel(R) PRO/1000 Network Connection
[    1.664843] mptbase: ioc0: Initiating bringup
[    1.665894] e1000 0000:00:03.0 enp0s3: renamed from eth0
[    1.730126] ioc0: LSI53C1030 A0: Capabilities={Initiator}
[    1.893806] scsi host2: ioc0: LSI53C1030 A0, FwRev=00000000h, Ports=1, MaxQ=256, IRQ=20
[    2.006875] scsi 2:0:0:0: Direct-Access     VBOX     HARDDISK         1.0  PQ: 0 ANSI: 5
[    2.009328] scsi target2:0:0: Beginning Domain Validation
[    2.012285] scsi target2:0:0: Domain Validation skipping write tests
[    2.013550] scsi target2:0:0: Ending Domain Validation
[    2.014985] scsi target2:0:0: asynchronous
[    2.018128] scsi 2:0:1:0: Direct-Access     VBOX     HARDDISK         1.0  PQ: 0 ANSI: 5
[    2.020179] scsi target2:0:1: Beginning Domain Validation
[    2.022602] scsi target2:0:1: Domain Validation skipping write tests
[    2.023985] scsi target2:0:1: Ending Domain Validation
[    2.033830] scsi target2:0:1: asynchronous
[    2.046584] sd 2:0:0:0: Attached scsi generic sg0 type 0
[    2.048189] sd 2:0:0:0: [sda] 20971520 512-byte logical blocks: (10.7 GB/10.0 GiB)
[    2.048286] sd 2:0:1:0: [sdb] 20480 512-byte logical blocks: (10.5 MB/10.0 MiB)
[    2.048416] sd 2:0:1:0: [sdb] Write Protect is off
[    2.048502] sd 2:0:1:0: [sdb] Incomplete mode parameter data
[    2.048503] sd 2:0:1:0: [sdb] Assuming drive cache: write through
[    2.055649] sd 2:0:1:0: Attached scsi generic sg1 type 0
[    2.057520] sd 2:0:0:0: [sda] Write Protect is off
[    2.058886] sd 2:0:0:0: [sda] Incomplete mode parameter data
[    2.060222] sd 2:0:1:0: [sdb] Attached SCSI disk
[    2.061760] sd 2:0:0:0: [sda] Assuming drive cache: write through
[    2.064607]  sda: sda1
[    2.066115] sd 2:0:0:0: [sda] Attached SCSI disk
Begin: Loading essential drivers ... [    3.366041] md: linear personality registered for level -1
[    3.369690] md: multipath personality registered for level -4
[    3.373957] md: raid0 personality registered for level 0
[    3.377903] md: raid1 personality registered for level 1
[    3.450063] raid6: sse2x1   gen() 11116 MB/s
[    3.518014] raid6: sse2x1   xor()  8246 MB/s
[    3.585944] raid6: sse2x2   gen() 16499 MB/s
[    3.654133] raid6: sse2x2   xor() 11168 MB/s
[    3.722068] raid6: sse2x4   gen() 17189 MB/s
[    3.789845] raid6: sse2x4   xor() 11016 MB/s
[    3.858085] raid6: avx2x1   gen() 22064 MB/s
[    3.926143] raid6: avx2x2   gen() 27692 MB/s
[    3.993804] raid6: avx2x4   gen() 28506 MB/s
[    3.995040] raid6: using algorithm avx2x4 gen() 28506 MB/s
[    3.996729] raid6: using avx2x2 recovery algorithm
[    3.999285] xor: automatically using best checksumming function:
[    4.042386]    avx       : 24581.000 MB/sec
[    4.046356] async_tx: api initialized (async)
[    4.056832] md: raid6 personality registered for level 6
[    4.057975] md: raid5 personality registered for level 5
[    4.059050] md: raid4 personality registered for level 4
[    4.066218] md: raid10 personality registered for level 10
done.
Begin: Running /scripts/init-premount ... done.
Begin: Mounting root file system ... Begin: Running /scripts/local-top ... done.
Begin: Running /scripts/local-premount ... [    4.095560] Btrfs loaded
Scanning for Btrfs filesystems
done.
Warning: fsck not present, so skipping root file system
[    4.124293] EXT4-fs (sda1): mounted filesystem with ordered data mode. Opts: (null)
done.
Begin: Running /scripts/local-bottom ... done.
Begin: Running /scripts/init-bottom ... done.
[    4.226347] systemd[1]: systemd 229 running in system mode. (+PAM +AUDIT +SELINUX +IMA +APPARMOR +SMACK +SYSVINIT +UTMP +LIBCRYPTSETUP +GCRYPT +GNUTLS +ACL +XZ -LZ4 +SECCOMP +BLKID +ELFUTILS +KMOD -IDN)
[    4.229880] systemd[1]: Detected virtualization oracle.
[    4.231157] systemd[1]: Detected architecture x86-64.

Welcome to [1mUbuntu 16.04.7 LTS[0m!

[    4.235860] systemd[1]: Set hostname to <xenial64>.
[    4.378474] systemd[1]: Reached target Encrypted Volumes.
[[0;32m  OK  [0m] Reached target Encrypted Volumes.
[    4.380648] systemd[1]: Listening on /dev/initctl Compatibility Named Pipe.
[[0;32m  OK  [0m] Listening on /dev/initctl Compatibility Named Pipe.
[    4.383255] systemd[1]: Listening on Device-mapper event daemon FIFOs.
[[0;32m  OK  [0m] Listening on Device-mapper event daemon FIFOs.
[    4.385753] systemd[1]: Listening on Syslog Socket.
[[0;32m  OK  [0m] Listening on Syslog Socket.
[    4.388049] systemd[1]: Listening on udev Kernel Socket.
[[0;32m  OK  [0m] Listening on udev Kernel Socket.
[    4.390173] systemd[1]: Reached target Swap.
[[0;32m  OK  [0m] Reached target Swap.
[    4.392243] systemd[1]: Reached target System Time Synchronized.
[[0;32m  OK  [0m] Reached target System Time Synchronized.
[    4.394658] systemd[1]: Listening on LVM2 metadata daemon socket.
[[0;32m  OK  [0m] Listening on LVM2 metadata daemon socket.
[    4.397022] systemd[1]: Listening on LVM2 poll daemon socket.
[[0;32m  OK  [0m] Listening on LVM2 poll daemon socket.
[    4.399607] systemd[1]: Started Trigger resolvconf update for networkd DNS.
[[0;32m  OK  [0m] Started Trigger resolvconf update for networkd DNS.
[    4.402137] systemd[1]: Listening on udev Control Socket.
[[0;32m  OK  [0m] Listening on udev Control Socket.
[    4.404525] systemd[1]: Listening on Journal Socket.
[[0;32m  OK  [0m] Listening on Journal Socket.
[    4.407173] systemd[1]: Reached target User and Group Name Lookups.
[[0;32m  OK  [0m] Reached target User and Group Name Lookups.
[    4.410963] systemd[1]: Created slice User and Session Slice.
[[0;32m  OK  [0m] Created slice User and Session Slice.
[    4.414144] systemd[1]: Listening on Journal Audit Socket.
[[0;32m  OK  [0m] Listening on Journal Audit Socket.
[    4.416951] systemd[1]: Set up automount Arbitrary Executable File Formats File System Automount Point.
[[0;32m  OK  [0m] Set up automount Arbitrary Executab...ats File System Automount Point.
[    4.420987] systemd[1]: Started Forward Password Requests to Wall Directory Watch.
[[0;32m  OK  [0m] Started Forward Password Requests to Wall Directory Watch.
[    4.424530] systemd[1]: Created slice System Slice.
[[0;32m  OK  [0m] Created slice System Slice.
[    4.442732] systemd[1]: Starting Monitoring of LVM2 mirrors, snapshots etc. using dmeventd or progress polling...
         Starting Monitoring of LVM2 mirrors... dmeventd or progress polling...
[    4.447629] systemd[1]: Mounting POSIX Message Queue File System...
         Mounting POSIX Message Queue File System...
[    4.451440] systemd[1]: Mounting Huge Pages File System...
         Mounting Huge Pages File System...
[    4.456087] systemd[1]: Starting Uncomplicated firewall...
         Starting Uncomplicated firewall...
[    4.460159] systemd[1]: Starting Set console keymap...
         Starting Set console keymap...
[    4.463233] systemd[1]: Starting Create list of required static device nodes for the current kernel...
         Starting Create list of required st... nodes for the current kernel...
[    4.469764] systemd[1]: Mounting Debug File System...
         Mounting Debug File System...
[    4.472909] systemd[1]: Starting Nameserver information manager...
         Starting Nameserver information manager...
[    4.476101] systemd[1]: Reached target Slices.
[[0;32m  OK  [0m] Reached target Slices.
[    4.481380] systemd[1]: Starting Load Kernel Modules...
         Starting Load Kernel Modules...
[    4.484492] systemd[1]: Created slice system-serial\x2dgetty.slice.
[[0;32m  OK  [0m] Created slice system-serial\x2dgetty.slice.
[    4.487898] systemd[1]: Starting Remount Root and Kernel File Systems...
         Starting Remount Root and Kernel File Systems...
[    4.493152] systemd[1]: Listening on Journal Socket (/dev/log).
[[0;32m  OK  [0m] Listening on Journal Socket (/dev/log).
[    4.496123] systemd[1]: Starting Journal Service...
         Starting Journal Service...
[    4.500547] systemd[1]: Mounted Huge Pages File System.
[[0;32m  OK  [0m] Mounted Huge Pages File System.
[    4.502709] systemd[1]: Mounted Debug File System.
[[0;32m  OK  [0m] Mounted Debug File System.
[    4.504944] systemd[1]: Mounted POSIX Message Queue File System.
[[0;32m  OK  [0m] Mounted POSIX Message Queue File System.
[    4.507759] EXT4-fs (sda1): re-mounted. Opts: (null)
[    4.507971] systemd[1]: Started Uncomplicated firewall.
[[0;32m  OK  [0m] Started Uncomplicated firewall.
[    4.513856] systemd[1]: Started Create list of required static device nodes for the current kernel.
[    4.518725] Loading iSCSI transport class v2.0-870.
[[0;32m  OK  [0m] Started Create list of required sta...ce nodes for the current kernel.
[    4.528302] iscsi: registered transport (tcp)
[    4.534868] systemd[1]: Started Set console keymap.
[[0;32m  OK  [0m] Started Set console keymap.
[    4.538090] systemd[1]: Started Remount Root and Kernel File Systems.
[[0;32m  OK  [0m] Started Remount Root and Kernel File Systems.
[    4.542014] systemd[1]: Started Journal Service.
[[0;32m  OK  [0m] Started Journal Service.
[[0;32m  OK  [0m] Started Nameserver information manager.
[[0;32m  OK  [0m] Started LVM2 metadata daemon.
         Starting Flush Journal to Persistent Storage...
         Starting udev Coldplug all Devices...
         Starting Load/Save Random Seed...
         Starting Create Static Device Nodes in /dev...
[[0;32m  OK  [0m] Started Load/Save Random Seed.
[    4.574903] systemd-journald[400]: Received request to flush runtime journal from PID 1
[[0;32m  OK  [0m] Started Flush Journal to Persistent Storage.
[[0;32m  OK  [0m] Started Create Static Device Nodes in /dev.
         Starting udev Kernel Device Manager...
[    4.595803] iscsi: registered transport (iser)
[[0;32m  OK  [0m] Started Load Kernel Modules.
         Starting Apply Kernel Variables...
         Mounting FUSE Control File System...
[[0;32m  OK  [0m] Mounted FUSE Control File System.
[[0;32m  OK  [0m] Started Apply Kernel Variables.
[[0;32m  OK  [0m] Started udev Kernel Device Manager.
[[0;32m  OK  [0m] Started udev Coldplug all Devices.
[[0;32m  OK  [0m] Started Dispatch Password Requests to Console Directory Watch.
[[0;32m  OK  [0m] Found device /dev/ttyS0.
[[0;32m  OK  [0m] Listening on Load/Save RF Kill Switch Status /dev/rfkill Watch.
[[0;32m  OK  [0m] Started Monitoring of LVM2 mirrors,...ng dmeventd or progress polling.
[[0;32m  OK  [0m] Reached target Local File Systems (Pre).
[[0;32m  OK  [0m] Reached target Local File Systems.
         Starting Set console font and keymap...
         Starting Create Volatile Files and Directories...
         Starting Initial cloud-init job (pre-networking)...
         Starting LSB: AppArmor initialization...
         Starting Tell Plymouth To Write Out Runtime Data...
[[0;32m  OK  [0m] Started Create Volatile Files and Directories.
[[0;32m  OK  [0m] Started Tell Plymouth To Write Out Runtime Data.
         Starting Update UTMP about System Boot/Shutdown...
[[0;32m  OK  [0m] Found device 82540EM Gigabit Ethern...r (PRO/1000 MT Desktop Adapter).
[[0;32m  OK  [0m] Started Update UTMP about System Boot/Shutdown.
[[0;32m  OK  [0m] Started LSB: AppArmor initialization.
         Starting Load AppArmor profiles managed internally by snapd...
[[0;32m  OK  [0m] Started Load AppArmor profiles managed internally by snapd.
[[0;32m  OK  [0m] Started Set console font and keymap.
[[0;32m  OK  [0m] Created slice system-getty.slice.
[    5.749234] cloud-init[650]: Cloud-init v. 20.2-45-g5f7825e2-0ubuntu1~16.04.1 running 'init-local' at Tue, 15 Sep 2020 04:36:40 +0000. Up 5.53 seconds.
[[0;32m  OK  [0m] Started Initial cloud-init job (pre-networking).
[[0;32m  OK  [0m] Reached target Network (Pre).
         Starting Raise network interfaces...
[[0;32m  OK  [0m] Started ifup for enp0s3.
[[0;32m  OK  [0m] Started Raise network interfaces.
         Starting Initial cloud-init job (metadata service crawler)...
[[0;32m  OK  [0m] Reached target Network.
[    6.435622] cloud-init[1112]: Cloud-init v. 20.2-45-g5f7825e2-0ubuntu1~16.04.1 running 'init' at Tue, 15 Sep 2020 04:36:40 +0000. Up 6.21 seconds.
[    6.437797] cloud-init[1112]: ci-info: +++++++++++++++++++++++++++++++++++++Net device info++++++++++++++++++++++++++++++++++++++
[    6.439751] cloud-init[1112]: ci-info: +--------+------+---------------------------+---------------+--------+-------------------+
[    6.441792] cloud-init[1112]: ci-info: | Device |  Up  |          Address          |      Mask     | Scope  |     Hw-Address    |
[    6.443778] cloud-init[1112]: ci-info: +--------+------+---------------------------+---------------+--------+-------------------+
[    6.446136] cloud-init[1112]: ci-info: | enp0s3 | True |         10.0.2.15         | 255.255.255.0 | global | 02:8f:67:5f:07:a5 |
[    6.448128] cloud-init[1112]: ci-info: | enp0s3 | True | fe80::8f:67ff:fe5f:7a5/64 |       .       |  link  | 02:8f:67:5f:07:a5 |
[    6.449914] cloud-init[1112]: ci-info: |   lo   | True |         127.0.0.1         |   255.0.0.0   |  host  |         .         |
[    6.452118] cloud-init[1112]: ci-info: |   lo   | True |          ::1/128          |       .       |  host  |         .         |
[    6.454281] cloud-init[1112]: ci-info: +--------+------+---------------------------+---------------+--------+-------------------+
[    6.456271] cloud-init[1112]: ci-info: +++++++++++++++++++++++++++Route IPv4 info++++++++++++++++++++++++++++
[    6.458105] cloud-init[1112]: ci-info: +-------+-------------+----------+---------------+-----------+-------+
[    6.460008] cloud-init[1112]: ci-info: | Route | Destination | Gateway  |    Genmask    | Interface | Flags |
[    6.462030] cloud-init[1112]: ci-info: +-------+-------------+----------+---------------+-----------+-------+
[    6.468511] cloud-init[1112]: ci-info: |   0   |   0.0.0.0   | 10.0.2.2 |    0.0.0.0    |   enp0s3  |   UG  |
[    6.470136] cloud-init[1112]: ci-info: |   1   |   10.0.2.0  | 0.0.0.0  | 255.255.255.0 |   enp0s3  |   U   |
[    6.472141] cloud-init[1112]: ci-info: +-------+-------------+----------+---------------+-----------+-------+
[    6.473855] cloud-init[1112]: ci-info: +++++++++++++++++++Route IPv6 info+++++++++++++++++++
[    6.475466] [[0;32m  OK  [0m] Started Initial cloud-init job (metadata service crawler).
[[0;32m  OK  [0m] Reached target Cloud-config availability.
[[0;32m  OK  [0m] Reached target Network is Online.
cloud-init[1112]: ci-info: +-------+-------------+---------+-----------+-------+
[    6.484459]          Starting iSCSI initiator daemon (iscsid)...
[[0;32m  OK  [0m] Reached target System Initialization.
[[0;32m  OK  [0m] Listening on UUID daemon activation socket.
cloud-init[1112]: ci-info: | Route | Destination | Gateway | Interface | Flags |
[    6.488238] [[0;32m  OK  [0m] Started Daily apt download activities.
[[0;32m  OK  [0m] Listening on D-Bus System Message Bus Socket.
[[0;32m  OK  [0m] Started Daily apt upgrade and clean activities.
[[0;32m  OK  [0m] Started Message of the Day.
cloud-init[1112]: ci-info: +-------+-------------+---------+-----------+-------+
[    6.492670] cloud-init[1112]: ci-info: |   0   |  fe80::/64  |    ::   |   enp0s3  |   U   |
[    6.494048] cloud-init[1112]: ci-info: |   3   |   ff00::/8  |    ::   |   enp0s3  |   U   |
[    6.495489] cloud-init[1112]: ci-info: +-------+-------------+---------+-----------+-------+
[[0;32m  OK  [0m] Started ACPI Events Check.
[[0;32m  OK  [0m] Reached target Paths.
         Starting LXD - unix socket.
         Starting Socket activation for snappy daemon.
         Starting Docker Socket for the API.
[[0;32m  OK  [0m] Listening on ACPID Listen Socket.
[[0;32m  OK  [0m] Started Daily Cleanup of Temporary Directories.
[[0;32m  OK  [0m] Reached target Timers.
[[0;32m  OK  [0m] Listening on LXD - unix socket.
[[0;32m  OK  [0m] Listening on Socket activation for snappy daemon.
[[0;32m  OK  [0m] Listening on Docker Socket for the API.
[[0;32m  OK  [0m] Reached target Sockets.
[[0;32m  OK  [0m] Reached target Basic System.
         Starting containerd container runtime...
         Starting Accounts Service...
         Starting LSB: MD monitoring daemon...
[[0;32m  OK  [0m] Started D-Bus System Message Bus.
         Starting LSB: Record successful boot for GRUB...
         Starting Virtualbox guest utils...
         Starting LXD - container startup/shutdown...
[[0;32m  OK  [0m] Started ACPI event daemon.
         Starting System Logging Service...
[[0;32m  OK  [0m] Started FUSE filesystem for LXC.
[[0;32m  OK  [0m] Started Deferred execution scheduler.
         Starting Login Service...
         Starting Ubuntu FAN network setup...
         Starting /etc/rc.local Compatibility...
[[0;32m  OK  [0m] Started Regular background program processing daemon.
         Starting Snap Daemon...
         Starting Pollinate to seed the pseudo random number generator...
         Starting Message of the Day...
[[0;32m  OK  [0m] Started iSCSI initiator daemon (iscsid).
[[0;32m  OK  [0m] Started containerd container runtime.
[[0;32m  OK  [0m] Started Ubuntu FAN network setup.
[[0;32m  OK  [0m] Started /etc/rc.local Compatibility.
[[0;32m  OK  [0m] Started Message of the Day.
[[0;32m  OK  [0m] Started System Logging Service.
[[0;32m  OK  [0m] Started Login Service.
[[0;32m  OK  [0m] Started Unattended Upgrades Shutdown.
         Starting Authenticate and Authorize Users to Run Privileged Tasks...
         Starting Docker Application Container Engine...
         Starting Login to default iSCSI targets...
[[0;32m  OK  [0m] Started LSB: Record successful boot for GRUB.
[[0;32m  OK  [0m] Started LSB: MD monitoring daemon.
[[0;32m  OK  [0m] Started Login to default iSCSI targets.
[[0;32m  OK  [0m] Reached target Remote File Systems (Pre).
[[0;32m  OK  [0m] Reached target Remote File Systems.
         Starting LSB: daemon to balance interrupts for SMP systems...
         Starting LSB: Set up cgroupfs mounts....
         Starting LSB: automatic crash report generation...
         Starting Permit User Sessions...
         Starting LSB: Set the CPU Frequency Scaling governor to "ondemand"...
[[0;32m  OK  [0m] Started LSB: Set up cgroupfs mounts..
[[0;32m  OK  [0m] Started Permit User Sessions.
         Starting Hold until boot process finishes up...
         Starting Terminate Plymouth Boot Screen...
[[0;32m  OK  [0m] Started Hold until boot process finishes up.
[[0;32m  OK  [0m] Started Getty on tty1.
         Starting Set console scheme...
[[0;32m  OK  [0m] Started Serial Getty on ttyS0.
[[0;32m  OK  [0m] Reached target Login Prompts.
[[0;32m  OK  [0m] Started Terminate Plymouth Boot Screen.
[[0;32m  OK  [0m] Started Set console scheme.
[[0;32m  OK  [0m] Started LSB: Set the CPU Frequency Scaling governor to "ondemand".
[[0;32m  OK  [0m] Started LSB: automatic crash report generation.
[[0;32m  OK  [0m] Started LSB: daemon to balance interrupts for SMP systems.
[[0;32m  OK  [0m] Started Authenticate and Authorize Users to Run Privileged Tasks.
[[0;32m  OK  [0m] Started Accounts Service.
[[0;32m  OK  [0m] Started Virtualbox guest utils.
[[0;32m  OK  [0m] Started LXD - container startup/shutdown.
[[0;32m  OK  [0m] Started Snap Daemon.
         Starting Wait until snapd is fully seeded...
[[0;32m  OK  [0m] Started Wait until snapd is fully seeded.
         Starting Apply the settings specified in cloud-config...
[    7.505694] cloud-init[1438]: Cloud-init v. 20.2-45-g5f7825e2-0ubuntu1~16.04.1 running 'modules:config' at Tue, 15 Sep 2020 04:36:42 +0000. Up 7.41 seconds.
[[0;32m  OK  [0m] Started Apply the settings specified in cloud-config.
[[0;32m  OK  [0m] Started Docker Application Container Engine.
[[0;32m  OK  [0m] Started Pollinate to seed the pseudo random number generator.
         Starting OpenBSD Secure Shell server...
[[0;32m  OK  [0m] Started OpenBSD Secure Shell server.
[[0;32m  OK  [0m] Reached target Multi-User System.
[[0;32m  OK  [0m] Reached target Graphical Interface.
         Starting Update UTMP about System Runlevel Changes...
         Starting Execute cloud user/final scripts...
[[0;32m  OK  [0m] Started Update UTMP about System Runlevel Changes.
[   10.953338] cloud-init[1640]: Cloud-init v. 20.2-45-g5f7825e2-0ubuntu1~16.04.1 running 'modules:final' at Tue, 15 Sep 2020 04:36:45 +0000. Up 10.87 seconds.
[   10.955699] cloud-init[1640]: Cloud-init v. 20.2-45-g5f7825e2-0ubuntu1~16.04.1 finished at Tue, 15 Sep 2020 04:36:45 +0000. Datasource DataSourceNoCloud [seed=/dev/sdb][dsmode=net].  Up 10.94 seconds
[[0;32m  OK  [0m] Started Execute cloud user/final scripts.
[[0;32m  OK  [0m] Reached target Cloud-init target.
         Starting Daily apt download activities...

Ubuntu 16.04.7 LTS xenial64 ttyS0

xenial64 login: [[0;32m  OK  [0m] Stopped Unattended Upgrades Shutdown.
         Stopping ACPI event daemon...
[[0;32m  OK  [0m] Stopped target Graphical Interface.
         Stopping Authenticate and Authorize Users to Run Privileged Tasks...
[[0;32m  OK  [0m] Stopped target Timers.
         Stopping User Manager for UID 1000...
[[0;32m  OK  [0m] Stopped Daily Cleanup of Temporary Directories.
[[0;32m  OK  [0m] Stopped Daily apt upgrade and clean activities.
[[0;32m  OK  [0m] Stopped Daily apt download activities.
[[0;32m  OK  [0m] Stopped target Cloud-init target.
[[0;32m  OK  [0m] Stopped Execute cloud user/final scripts.
[[0;32m  OK  [0m] Stopped target Multi-User System.
         Stopping FUSE filesystem for LXC...
         Stopping LSB: Set the CPU Frequency Scaling governor to "ondemand"...
         Stopping LSB: MD monitoring daemon...
         Stopping LSB: daemon to balance interrupts for SMP systems...
         Stopping Deferred execution scheduler...
         Stopping LXD - container startup/shutdown...
         Stopping Docker Application Container Engine...
         Stopping D-Bus System Message Bus...
         Stopping Accounts Service...
         Stopping LSB: automatic crash report generation...
         Stopping Regular background program processing daemon...
         Stopping Ubuntu FAN network setup...
[[0;32m  OK  [0m] Stopped Apply the settings specified in cloud-config.
[[0;32m  OK  [0m] Stopped target Cloud-config availability.
[[0;32m  OK  [0m] Stopped Wait until snapd is fully seeded.
[[0;32m  OK  [0m] Stopped Message of the Day.
[[0;32m  OK  [0m] Stopped target System Time Synchronized.
[[0;32m  OK  [0m] Closed Load/Save RF Kill Switch Status /dev/rfkill Watch.
         Stopping LSB: Record successful boot for GRUB...
         Stopping OpenBSD Secure Shell server...
[[0;32m  OK  [0m] Stopped target Login Prompts.
         Stopping Serial Getty on ttyS0...
         Stopping Getty on tty1...
         Stopping System Logging Service...
         Stopping Session 12 of user vagrant.
         Stopping LSB: Set up cgroupfs mounts....
         Stopping Virtualbox guest utils...
[[0;32m  OK  [0m] Unmounted /var/lib/lxcfs.
[[0;32m  OK  [0m] Stopped Accounts Service.
[[0;32m  OK  [0m] Stopped ACPI event daemon.
[[0;32m  OK  [0m] Stopped System Logging Service.
[[0;32m  OK  [0m] Stopped Deferred execution scheduler.
[[0;32m  OK  [0m] Stopped Regular background program processing daemon.
[[0;32m  OK  [0m] Stopped Authenticate and Authorize Users to Run Privileged Tasks.
[[0;32m  OK  [0m] Stopped Getty on tty1.
[[0;32m  OK  [0m] Stopped Serial Getty on ttyS0.
[[0;32m  OK  [0m] Stopped OpenBSD Secure Shell server.
[[0;32m  OK  [0m] Stopped User Manager for UID 1000.
[[0;32m  OK  [0m] Stopped D-Bus System Message Bus.
[[0;32m  OK  [0m] Stopped Ubuntu FAN network setup.
[[0;32m  OK  [0m] Stopped LSB: Set up cgroupfs mounts..
[[0;32m  OK  [0m] Stopped Session 12 of user vagrant.
[[0;32m  OK  [0m] Stopped FUSE filesystem for LXC.
[[0;32m  OK  [0m] Stopped LXD - container startup/shutdown.
[[0;32m  OK  [0m] Stopped LSB: Record successful boot for GRUB.
[[0;32m  OK  [0m] Stopped LSB: Set the CPU Frequency Scaling governor to "ondemand".
[[0;32m  OK  [0m] Removed slice User Slice of vagrant.
         Stopping Login Service...
[[0;32m  OK  [0m] Removed slice system-serial\x2dgetty.slice.
[[0;32m  OK  [0m] Stopped /etc/rc.local Compatibility.
         Stopping Permit User Sessions...
[[0;32m  OK  [0m] Removed slice system-getty.slice.
[[0;32m  OK  [0m] Stopped LSB: MD monitoring daemon.
[[0;32m  OK  [0m] Stopped LSB: daemon to balance interrupts for SMP systems.
[[0;32m  OK  [0m] Stopped LSB: automatic crash report generation.
[[0;32m  OK  [0m] Stopped Permit User Sessions.
[[0;32m  OK  [0m] Stopped target Remote File Systems.
[[0;32m  OK  [0m] Stopped target Remote File Systems (Pre).
         Stopping Login to default iSCSI targets...
[[0;32m  OK  [0m] Stopped Virtualbox guest utils.
[[0;32m  OK  [0m] Stopped Login Service.
[[0;32m  OK  [0m] Stopped target User and Group Name Lookups.
[[0;32m  OK  [0m] Stopped Login to default iSCSI targets.
         Stopping iSCSI initiator daemon (iscsid)...
[[0;32m  OK  [0m] Stopped iSCSI initiator daemon (iscsid).
[[0;32m  OK  [0m] Unmounted /run/docker/netns/9da6c5e1fa79.
[[0;32m  OK  [0m] Unmounted /var/lib/docker/container...69cd1f98c45e8dd722e7/mounts/shm.
[[0;32m  OK  [0m] Unmounted /var/lib/docker/overlay2/...727b1a14318c0c234156b73e/merged.
[[0;32m  OK  [0m] Unmounted /run/docker/netns/b53e8d55fdb6.
[[0;32m  OK  [0m] Unmounted /var/lib/docker/container...2af7e43fed7f0954dfa4/mounts/shm.
[[0;32m  OK  [0m] Unmounted /var/lib/docker/overlay2/...d97015f97ad95406a9945f47/merged.
[[0;32m  OK  [0m] Unmounted /run/docker/netns/0b82c260cf14.
[[0;32m  OK  [0m] Unmounted /var/lib/docker/container...1009ed88d6d24c762c7c/mounts/shm.
[[0;32m  OK  [0m] Unmounted /var/lib/docker/overlay2/...90425ca9c9596cadd334cb9b/merged.
[[0;32m  OK  [0m] Unmounted /run/docker/netns/3925c80b6085.
[[0;32m  OK  [0m] Unmounted /var/lib/docker/container...befafa2f943a0723f006/mounts/shm.
[[0;32m  OK  [0m] Unmounted /var/lib/docker/overlay2/...533c59d762400720e5e0de15/merged.
[[0;32m  OK  [0m] Unmounted /run/docker/netns/2aaa6d6882f9.
[[0;32m  OK  [0m] Unmounted /var/lib/docker/container...8490ea1effb5e43c446d/mounts/shm.
[[0;32m  OK  [0m] Unmounted /var/lib/docker/overlay2/...ed1f9041dfdc35931f6bca99/merged.
[[0;32m  OK  [0m] Stopped Docker Application Container Engine.
[[0;32m  OK  [0m] Stopped target Network is Online.
         Stopping containerd container runtime...
[[0;32m  OK  [0m] Stopped containerd container runtime.
[[0;32m  OK  [0m] Stopped target Basic System.
[[0;32m  OK  [0m] Stopped target Sockets.
[[0;32m  OK  [0m] Closed ACPID Listen Socket.
[[0;32m  OK  [0m] Closed D-Bus System Message Bus Socket.
[[0;32m  OK  [0m] Closed Syslog Socket.
[[0;32m  OK  [0m] Closed Socket activation for snappy daemon.
[[0;32m  OK  [0m] Closed LXD - unix socket.
[[0;32m  OK  [0m] Closed Docker Socket for the API.
[[0;32m  OK  [0m] Closed UUID daemon activation socket.
[[0;32m  OK  [0m] Stopped target Slices.
[[0;32m  OK  [0m] Removed slice User and Session Slice.
[[0;32m  OK  [0m] Stopped target Paths.
[[0;32m  OK  [0m] Stopped ACPI Events Check.
[[0;32m  OK  [0m] Stopped target System Initialization.
[[0;32m  OK  [0m] Stopped target Swap.
[[0;32m  OK  [0m] Stopped Initial cloud-init job (metadata service crawler).
         Stopping Load/Save Random Seed...
         Stopping Update UTMP about System Boot/Shutdown...
[[0;32m  OK  [0m] Stopped target Encrypted Volumes.
[[0;32m  OK  [0m] Stopped Dispatch Password Requests to Console Directory Watch.
[[0;32m  OK  [0m] Stopped Forward Password Requests to Wall Directory Watch.
[[0;32m  OK  [0m] Stopped target Network.
         Stopping Raise network interfaces...
[[0;32m  OK  [0m] Stopped Load/Save Random Seed.
[[0;32m  OK  [0m] Stopped Update UTMP about System Boot/Shutdown.
[[0;32m  OK  [0m] Stopped Create Volatile Files and Directories.
[[0;32m  OK  [0m] Stopped Raise network interfaces.
[[0;32m  OK  [0m] Stopped Apply Kernel Variables.
[[0;32m  OK  [0m] Stopped target Local File Systems.
         Unmounting /run/user/1000...
[[0;32m  OK  [0m] Stopped Load Kernel Modules.
[[0;32m  OK  [0m] Stopped target Network (Pre).
[[0;32m  OK  [0m] Stopped Initial cloud-init job (pre-networking).
[[0;32m  OK  [0m] Unmounted /run/user/1000.
[[0;32m  OK  [0m] Reached target Unmount All Filesystems.
[[0;32m  OK  [0m] Stopped target Local File Systems (Pre).
         Stopping Monitoring of LVM2 mirrors... dmeventd or progress polling...
[[0;32m  OK  [0m] Stopped Remount Root and Kernel File Systems.
[[0;32m  OK  [0m] Stopped Create Static Device Nodes in /dev.
[[0;32m  OK  [0m] Reached target Shutdown.
[13684.472744] reboot: Power down
